To run a command as administrator (user "root"), use "sudo <command>".
See "man sudo_root" for details.

william@william-VirtualBox:~/Escritorio$ sudo apt update
[sudo] contraseña para william: 
Des:1 http://security.ubuntu.com/ubuntu eoan-security InRelease [97.5 kB]
Obj:2 http://us.archive.ubuntu.com/ubuntu eoan InRelease 
Des:3 http://us.archive.ubuntu.com/ubuntu eoan-updates InRelease [97.5 kB]
Des:4 http://us.archive.ubuntu.com/ubuntu eoan-backports InRelease [88.8 kB]
Descargados 284 kB en 2s (181 kB/s)
Leyendo lista de paquetes... Hecho
Creando árbol de dependencias       
Leyendo la información de estado... Hecho
william@william-VirtualBox:~/Escritorio$ add-apt-repository ppa:git-core/ppa # apt update; apt install git
Error: debe ejecutarse como root
william@william-VirtualBox:~/Escritorio$ sudo add-apt-repository ppa:git-core/ppa # apt update; apt install git
 The most current stable version of Git for Ubuntu.

For release candidates, go to https://launchpad.net/~git-core/+archive/candidate .
 Más información: https://launchpad.net/~git-core/+archive/ubuntu/ppa
Pulse [ENTRAR] para continuar o Ctrl+C para cancelar la adición.

Des:1 http://security.ubuntu.com/ubuntu eoan-security InRelease [97.5 kB]
Obj:2 http://us.archive.ubuntu.com/ubuntu eoan InRelease                                                     
Des:3 http://us.archive.ubuntu.com/ubuntu eoan-updates InRelease [97.5 kB]                                    
Des:4 http://ppa.launchpad.net/git-core/ppa/ubuntu eoan InRelease [20.7 kB]                                                    
Des:5 http://us.archive.ubuntu.com/ubuntu eoan-backports InRelease [88.8 kB]                                                   
Des:6 http://ppa.launchpad.net/git-core/ppa/ubuntu eoan/main amd64 Packages [3,028 B]
Des:7 http://ppa.launchpad.net/git-core/ppa/ubuntu eoan/main i386 Packages [3,028 B]
Des:8 http://ppa.launchpad.net/git-core/ppa/ubuntu eoan/main Translation-en [2,252 B]
Descargados 313 kB en 2s (126 kB/s)  
Leyendo lista de paquetes... Hecho
william@william-VirtualBox:~/Escritorio$ git --version

No se ha encontrado la orden «git», pero se puede instalar con:

sudo apt install git

william@william-VirtualBox:~/Escritorio$ sudo apt install git
Leyendo lista de paquetes... Hecho
Creando árbol de dependencias       
Leyendo la información de estado... Hecho
Se instalarán los siguientes paquetes adicionales:
  git-man liberror-perl
Paquetes sugeridos:
  git-daemon-run | git-daemon-sysvinit git-doc git-el git-email git-gui gitk gitweb git-cvs git-mediawiki git-svn
Se instalarán los siguientes paquetes NUEVOS:
  git git-man liberror-perl
0 actualizados, 3 nuevos se instalarán, 0 para eliminar y 0 no actualizados.
Se necesita descargar 8,111 kB de archivos.
Se utilizarán 44.4 MB de espacio de disco adicional después de esta operación.
¿Desea continuar? [S/n] s
Des:1 http://ppa.launchpad.net/git-core/ppa/ubuntu eoan/main amd64 git-man all 1:2.25.0-1~ppa0~ubuntu19.10.1 [1,726 kB]
Des:2 http://us.archive.ubuntu.com/ubuntu eoan/main amd64 liberror-perl all 0.17028-1 [26.6 kB]
Des:3 http://ppa.launchpad.net/git-core/ppa/ubuntu eoan/main amd64 git amd64 1:2.25.0-1~ppa0~ubuntu19.10.1 [6,358 kB]
Descargados 8,111 kB en 24s (334 kB/s)                                                                                                      
Seleccionando el paquete liberror-perl previamente no seleccionado.
(Leyendo la base de datos ... 185810 ficheros o directorios instalados actualmente.)
Preparando para desempaquetar .../liberror-perl_0.17028-1_all.deb ...
Desempaquetando liberror-perl (0.17028-1) ...
Seleccionando el paquete git-man previamente no seleccionado.
Preparando para desempaquetar .../git-man_1%3a2.25.0-1~ppa0~ubuntu19.10.1_all.deb ...
Desempaquetando git-man (1:2.25.0-1~ppa0~ubuntu19.10.1) ...
Seleccionando el paquete git previamente no seleccionado.
Preparando para desempaquetar .../git_1%3a2.25.0-1~ppa0~ubuntu19.10.1_amd64.deb ...
Desempaquetando git (1:2.25.0-1~ppa0~ubuntu19.10.1) ...
Configurando liberror-perl (0.17028-1) ...
Configurando git-man (1:2.25.0-1~ppa0~ubuntu19.10.1) ...
Configurando git (1:2.25.0-1~ppa0~ubuntu19.10.1) ...
Procesando disparadores para man-db (2.8.7-3) ...
william@william-VirtualBox:~/Escritorio$ git --version
git version 2.25.0
william@william-VirtualBox:~/Escritorio$ ls
william@william-VirtualBox:~/Escritorio$ cd Escritorio
bash: cd: Escritorio: No existe el archivo o el directorio
william@william-VirtualBox:~/Escritorio$ mkdir proyecto
william@william-VirtualBox:~/Escritorio$ ls -la
total 12
drwxr-xr-x  3 william william 4096 feb 19 16:09 .
drwxr-xr-x 18 william william 4096 feb 19 16:01 ..
drwxr-xr-x  2 william william 4096 feb 19 16:09 proyecto
william@william-VirtualBox:~/Escritorio$ git init proyecto/
Inicializado repositorio Git vacío en /home/william/Escritorio/proyecto/.git/
william@william-VirtualBox:~/Escritorio$ git --help > instrucciones.txt
william@william-VirtualBox:~/Escritorio$ git --version
git version 2.25.0
william@william-VirtualBox:~/Escritorio$ git remote add origin https://github.com/WillRC9/GitLinux.git
fatal: no es un repositorio git (ni ninguno de los directorios superiores): .git
william@william-VirtualBox:~/Escritorio$ pwd
/home/william/Escritorio
william@william-VirtualBox:~/Escritorio$ mkdir PracticaLinux
william@william-VirtualBox:~/Escritorio$ ls
instrucciones.txt  PracticaLinux  proyecto
william@william-VirtualBox:~/Escritorio$ ls -la
total 20
drwxr-xr-x  4 william william 4096 feb 19 21:03 .
drwxr-xr-x 19 william william 4096 feb 19 16:26 ..
-rw-r--r--  1 william william 2532 feb 19 16:17 instrucciones.txt
drwxr-xr-x  2 william william 4096 feb 19 21:03 PracticaLinux
drwxr-xr-x  3 william william 4096 feb 19 16:16 proyecto
william@william-VirtualBox:~/Escritorio$ cd PracticaLinux
william@william-VirtualBox:~/Escritorio/PracticaLinux$ git init
Inicializado repositorio Git vacío en /home/william/Escritorio/PracticaLinux/.git/
william@william-VirtualBox:~/Escritorio/PracticaLinux$ git status
En la rama master

No hay commits todavía

no hay nada para confirmar (crea/copia archivos y usa "git add" para hacerles seguimiento)
william@william-VirtualBox:~/Escritorio/PracticaLinux$ 
